 (0x7), pid=12545
#   [libjvm.so+0xc67b7e]Core dump will be written. Default location: Core dumps may be processed with "/sbin/crash_reporter --user=%P:%s:%u:%g:%f" (or dumping to /home/aojunttila/coding/scheduleOptimizer/core.12545)
#   https://github.com/adoptium/adoptium-support/issues
#

---------------  S U M M A R Y ------------

Command Line: --add-modules=ALL-SYSTEM --add-opens=java.base/java.util=ALL-UNNAMED --add-opens=java.base/java.lang=ALL-UNNAMED --add-opens=java.base/sun.nio.fs=ALL-UNNAMED -Declipse.application=org.eclipse.jdt.ls.core.id1 -Dosgi.bundles.defaultStartLevel=4 -Declipse.product=org.eclipse.jdt.ls.core.product -Djava.import.generatesMetadataFilesAtProjectRoot=false -DDetectVMInstallationsJob.disabled=true -Dfile.encoding=utf8 -XX:+UseParallelGC -XX:GCTimeRatio=4 -XX:AdaptiveSizePolicyWeight=90 -Xmx1G -Xlog:disable -javaagent:/home/aojunttila/.vscode/extensions/redhat.java-1.37.0-linux-x64/lombok/lombok-1.18.34.jar -XX:+HeapDumpOnOutOfMemoryError -XX:HeapDumpPath=/home/aojunttila/.config/Code/User/workspaceStorage/4094315b4d4865c097935e6c0e80e935/redhat.java -Daether.dependencyCollector.impl=bf /home/aojunttila/.vscode/extensions/redhat.java-1.37.0-linux-x64/server/plugins/org.eclipse.equinox.launcher_1.6.900.v20240613-2009.jar -configuration /home/aojunttila/.config/Code/User/globalStorage/redhat.java/1.37.0/config_linux -data /home/aojunttila/.config/Code/User/workspaceStorage/4094315b4d4865c097935e6c0e80e935/redhat.java/jdt_ws --pipe=/run/user/1000/lsp-431d9d496157377fa0c003335a25c053.sock

Host: 
Stack: [0x00007f4566600000,0x00007f4566700000]V  PerfLongVariant::sample()+0x1e





, si_code: 2 (BUS_ADRERR), si_addr: 0x00007f458a186ea8

Registers:
RAX=0x00000000009911f8, RBX=0x00007f458a186ea8, RCX=0x00007f45899e17a0, RDX=0x0000000000000000
RSP=0x00007f45666fed40, RBP=0x00007f45666fed50, RSI=0x0000000000000000, RDI=0x00007f458402a288
R8 =0x00007f45840454d0, R9 =0x0000000000000000, R10=0x0000000000000000, R11=0x0000000000000246
R12=0x00007f45842fb300, R13=0x0000000000000001, R14=0x0000000000000002c.so.6
7f458a3c1000-7f458a3c3000 rw-p 001d2000 00:2d 266592                     /usr/lib/x86_64-linux-gnu/libc.so.6
7f458a3c3000-7f458a3d0000 rw-p 00000000 00:00 0 
7f458a3d0000-7f458a3d1000 r--p 00000000 00:2d 266594                     /usr/lib/x86_64-linux-gnu/libdl.so.2
7f458a3d1000-7f458a3d2000 r-xp 00001000 00:2d 266594                     /usr/lib/x86_64-linux-gnu/libdl.so.2
7f458a3d2000-7f458a3d3000 r--p 00002000 00:2d 266594                     /usr/lib/x86_64-linux-gnu/libdl.so.2
7f458a3d3000-7f458a3d4000 r--p 00002000 00:2d 266594                     /usr/lib/x86_64-linux-gnu/libdl.so.2
7f458a3d4000-7f458a3d5000 rw-p 00003000 00:2d 266594                     /usr/lib/x86_64-linux-gnu/libdl.so.2
7f458a3d5000-7f458a3d6000 r--p 00000000 00:2d 266604                     /usr/lib/x86_64-linux-gnu/libpthread.so.0
7f458a3d6000-7f458a3d7000 r-xp 00001000 00:2d 266604                     /usr/lib/x86_64-linux-gnu/libpthread.so.0
7f458a3d7000-7f458a3d8000 r--p 00002000 00:2d 266604                     /usr/lib/x86_64-linux-gnu/libpthread.so.0
7f458a3d8000-7f458a3d9000 r--p 00002000 00:2d 266604                     /usr/lib/x86_64-linux-gnu/libpthread.so.0
7f458a3d9000-7f458a3da000 rw-p 00003000 00:2d 266604                     /usr/lib/x86_64-linux-gnu/libpthread.so.0
7f458a3da000-7f458a3dd000 r--p 00000000 00:2d 784392                     /home/aojunttila/.vscode/extensions/redhat.java-1.37.0-linux-x64/jre/17.0.13-linux-x86_64/lib/libjli.so
7f458a3dd000-7f458a3ed000 r-xp 00003000 00:2d 784392                     /home/aojunttila/.vscode/extensions/redhat.java-1.37.0-linux-x64/jre/17.0.13-linux-x86_64/lib/libjli.so
7f458a3ed000-7f458a3f4000 r--p 00013000 00:2d 784392                     /home/aojunttila/.vscode/extensions/redhat.java-1.37.0-linux-x64/jre/17.0.13-linux-x86_64/lib/libjli.so
7f458a3f4000-7f458a3f5000 r--p 00019000 00:2d 784392                     /home/aojunttila/.vscode/extensions/redhat.java-1.37.0-linux-x64/jre/17.0.13-linux-x86_64/lib/libjli.so
7f458a3f5000-7f458a3f6000 rw-p 0001a000 00:2d 784392                     /home/aojunttila/.vscode/extensions/redhat.java-1.37.0-linux-x64/jre/17.0.13-linux-x86_64/lib/libjli.so
7f458a3f6000-7f458a3f8000 rw-p 00000000 00:00 0 
7f458a3f8000-7f458a3f9000 r--p 00000000 00:2d 266589                     /usr/lib/x86_64-linux-gnu/ld-linux-x86-64.so.2
7f458a3f9000-7f458a41e000 r-xp 00001000 00:2d 266589                     /usr/lib/x86_64-linux-gnu/ld-linux-x86-64.so.2
7f458a41e000-7f458a428000 r--p 00026000 00:2d 266589                     /usr/lib/x86_64-linux-gnu/ld-linux-x86-64.so.2
7f458a428000-7f458a42a000 r--p 00030000 00:2d 266589                     /usr/lib/x86_64-linux-gnu/ld-linux-x86-64.so.2
7f458a42a000-7f458a42c000 rw-p 00032000 00:2d 266589                     /usr/lib/x86_64-linux-gnu/ld-linux-x86-64.so.2
7fff8492e000-7fff8494f000 rw-p 00000000 00:00 0                          [stack]
7fff8495c000-7fff84960000 r--p 00000000 00:00 0                          [vvar]
7fff84960000-7fff84962000 r-xp 00000000 00:00 0                          [vdso]
ffffffffff600000-ffffffffff601000 --xp 00000000 00:00 0                  [vsyscall]


VM Arguments:
jvm_args: --add-modules=ALL-SYSTEM --add-opens=java.base/java.util=ALL-UNNAMED --add-opens=java.base/java.lang=ALL-UNNAMED --add-opens=java.base/sun.nio.fs=ALL-UNNAMED -Declipse.application=org.eclipse.jdt.ls.core.id1 -Dosgi.bundles.defaultStartLevel=4 -Declipse.product=org.eclipse.jdt.ls.core.product -Djava.import.generatesMetadataFilesAtProjectRoot=false -DDetectVMInstallationsJob.disabled=true -Dfile.encoding=utf8 -XX:+UseParallelGC -XX:GCTimeRatio=4 -XX:AdaptiveSizePolicyWeight=90 -Dsun.zip.disableMemoryMapping=true -Xmx1G -Xms100m -Xlog:disable -javaagent:/home/aojunttila/.vscode/extensions/redhat.java-1.37.0-linux-x64/lombok/lombok-1.18.34.jar -XX:+HeapDumpOnOutOfMemoryError -XX:HeapDumpPath=/home/aojunttila/.config/Code/User/workspaceStorage/4094315b4d4865c097935e6c0e80e935/redhat.java -Daether.dependencyCollector.impl=bf 
java_command: /home/aojunttila/.vscode/extensions/redhat.java-1.37.0-linux-x64/server/plugins/org.eclipse.equinox.launcher_1.6.900.v20240613-2009.jar -configuration /home/aojunttila/.config/Code/User/globalStorage/redhat.java/1.37.0/config_linux -data /home/aojunttila/.config/Code/User/workspaceStorage/4094315b4d4865c097935e6c0e80e935/redhat.java/jdt_ws --pipe=/run/user/1000/lsp-431d9d496157377fa0c003335a25c053.sock
java_class_path (initial): /home/aojunttila/.vscode/extensions/redhat.java-1.37.0-linux-x64/server/plugins/org.eclipse.equinox.launcher_1.6.900.v20240613-2009.jar
Launcher Type: SUN_STANDARD

[Global flags]
    uintx AdaptiveSizePolicyWeight                 = 90                                        {product} {command line}
     intx CICompilerCount                          = 3                                         {product} {ergonomic}
    uintx GCTimeRatio                              = 4                                         {product} {command line}
     bool HeapDumpOnOutOfMemoryError               = true                                   {manageable} {command line}
    ccstr HeapDumpPath                             = /home/aojunttila/.config/Code/User/workspaceStorage/4094315b4d4865c097935e6c0e80e935/redhat.java         {manageable} {command line}
   size_t InitialHeapSize                          = 104857600                                 {product} {command line}
   size_t MaxHeapSize                              = 1073741824                                {product} {command line}
   size_t MaxNewSize                               = 357564416                                 {product} {ergonomic}
   size_t MinHeapDeltaBytes                        = 524288                                    {product} {ergonomic}
   size_t MinHeapSize                              = 104857600                                 {product} {command line}
   size_t NewSize                                  = 34603008                                  {product} {ergonomic}
    uintx NonNMethodCodeHeapSize                   = 5832780                                {pd product} {ergonomic}
    uintx NonProfiledCodeHeapSize                  = 122912730                              {pd product} {ergonomic}
   size_t OldSize                                  = 70254592                                  {product} {ergonomic}
    uintx ProfiledCodeHeapSize                     = 122912730                              {pd product} {ergonomic}
    uintx ReservedCodeCacheSize                    = 251658240                              {pd product} {ergonomic}
     bool SegmentedCodeCache                       = true                                      {product} {ergonomic}
   size_t SoftMaxHeapSize                          = 1073741824                             {manageable} {ergonomic}
     bool UseCompressedClassPointers               = true                           {product lp64_product} {ergonomic}
     bool UseCompressedOops                        = true                           {product lp64_product} {ergonomic}
     bool UseParallelGC                            = true                                      {product} {command line}

Logging:
Log output configuration:
 #0: stdout all=off uptime,level,tags
 #1: stderr all=off uptime,level,tags

Environment Variables:
PATH=/home/aojunttila/.local/bin:/usr/local/bin:/usr/bin:/bin:/usr/local/games:/usr/games:/snap/bin
XDG_CONFIG_HOME=/home/aojunttila/.config
LD_LIBRARY_PATH=:/usr/lib/x86_64-linux-gnu
SHELL=/bin/bash
DISPLAY=:0
LANG=en_US.UTF-8

Active Locale:
LC_ALL=en_US.UTF-8
LC_COLLATE=en_US.UTF-8
LC_CTYPE=en_US.UTF-8
LC_MESSAGES=en_US.UTF-8
LC_MONETARY=en_US.UTF-8
LC_NUMERIC=en_US.UTF-8
LC_TIME=en_US.UTF-8

Signal Handlers:
   SIGSEGV: crash_handler in libjvm.so, mask=11100100010111111101111111111110, flags=SA_RESTART|SA_SIGINFO, unblocked
    SIGBUS: crash_handler in libjvm.so, mask=11100100010111111101111111111110, flags=SA_RESTART|SA_SIGINFO, unblocked
    SIGFPE: crash_handler in libjvm.so, mask=11100100010111111101111111111110, flags=SA_RESTART|SA_SIGINFO, unblocked
   SIGPIPE: javaSignalHandler in libjvm.so, mask=11100100010111111101111111111110, flags=SA_RESTART|SA_SIGINFO, blocked
   SIGXFSZ: javaSignalHandler in libjvm.so, mask=11100100010111111101111111111110, flags=SA_RESTART|SA_SIGINFO, blocked
    SIGILL: crash_handler in libjvm.so, mask=11100100010111111101111111111110, flags=SA_RESTART|SA_SIGINFO, unblocked
   SIGUSR2: SR_handler in libjvm.so, mask=00000000000000000000000000000000, flags=SA_RESTART|SA_SIGINFO, blocked
    SIGHUP: UserHandler in libjvm.so, mask=11100100010111111101111111111110, flags=SA_RESTART|SA_SIGINFO, blocked
    SIGINT: UserHandler in libjvm.so, mask=11100100010111111101111111111110, flags=SA_RESTART|SA_SIGINFO, blocked
   SIGTERM: UserHandler in libjvm.so, mask=11100100010111111101111111111110, flags=SA_RESTART|SA_SIGINFO, blocked
   SIGQUIT: UserHandler in libjvm.so, mask=11100100010111111101111111111110, flags=SA_RESTART|SA_SIGINFO, blocked
   SIGTRAP: crash_handler in libjvm.so, mask=11100100010111111101111111111110, flags=SA_RESTART|SA_SIGINFO, unblocked


Periodic native trim disabled


---------------  S Y S T E M  ---------------

OS:
PRETTY_NAME="Debian GNU/Linux 12 (bookworm)"
NAME="Debian GNU/Linux"
VERSION_ID="12"
VERSION="12 (bookworm)"
VERSION_CODENAME=bookworm
ID=debian
HOME_URL="https://www.debian.org/"
SUPPORT_URL="https://www.debian.org/support"
BUG_REPORT_URL="https://bugs.debian.org/"
uname: Linux 6.6.21-01327-gc9107f2d4947 #1 SMP PREEMPT_DYNAMIC Wed, 10 Apr 2024 00:40:09 +0000 x86_64
OS uptime: 1 days 20:17 hours
libc: glibc 2.36 NPTL 2.36 
rlimit (soft/hard): STACK 8192k/infinity , CORE 0k/infinity , NPROC 26213/26213 , NOFILE 1048576/1048576 , AS infinity/infinity , CPU infinity/infinity , DATA infinity/infinity , FSIZE infinity/infinity , MEMLOCK infinity/infinity
load average: 2.03 1.48 1.27

/proc/meminfo:
MemTotal:        6713188 kB
MemFree:         3110168 kB
MemAvailable:    3924964 kB
Buffers:               0 kB
Cached:           814796 kB
SwapCached:            0 kB
Active:          1223240 kB
Inactive:        2270524 kB
Active(anon):    1075660 kB
Inactive(anon):  1683700 kB
Active(file):     147580 kB
Inactive(file):   586824 kB
Unevictable:       25224 kB
Mlocked:               0 kB
SwapTotal:             0 kB
SwapFree:              0 kB
Dirty:                12 kB
Writeback:             0 kB
AnonPages:       2678964 kB
Mapped:           353612 kB
Shmem:             80396 kB
KReclaimable:      49748 kB
Slab:                  0 kB
SReclaimable:          0 kB
SUnreclaim:            0 kB
KernelStack:        9520 kB
PageTables:        25148 kB
SecPageTables:         0 kB
NFS_Unstable:          0 kB
Bounce:                0 kB
WritebackTmp:          0 kB
CommitLimit:     3356592 kB
Committed_AS:    6161952 kB
VmallocTotal:   34359738367 kB
VmallocUsed:       11288 kB
VmallocChunk:          0 kB
Percpu:             1584 kB
AnonHugePages:         0 kB
ShmemHugePages:        0 kB
ShmemPmdMapped:        0 kB
FileHugePages:         0 kB
FilePmdMapped:         0 kB
HugePages_Total:       0
HugePages_Free:        0
HugePages_Rsvd:        0
HugePages_Surp:        0
Hugepagesize:       2048 kB
Hugetlb:               0 kB
DirectMap4k:      495616 kB
DirectMap2M:     6928384 kB

/sys/kernel/mm/transparent_hugepage/enabled: always madvise [never]
/sys/kernel/mm/transparent_hugepage/hpage_pmd_size: 2097152
/sys/kernel/mm/transparent_hugepage/defrag (defrag/compaction efforts parameter): always defer defer+madvise [madvise] never

Process Memory:
Virtual Size: 4747388K (peak: 4753324K)
Resident Set Size: 741348K (peak: 745752K) (anon: 589028K, file: 152320K, shmem: 0K)
Swapped out: 0K
C-Heap outstanding allocations: 51566K, retained: 55489K
glibc malloc tunables: (default)

/proc/sys/kernel/threads-max (system-wide limit on the number of threads): 52426
/proc/sys/vm/max_map_count (maximum number of memory map areas a process may have): 262144
/proc/sys/vm/swappiness (control to define how aggressively the kernel swaps out anonymous memory): 60
/proc/sys/kernel/pid_max (system-wide limit on number of process identifiers): 32768

container (cgroup) information:
container_type: cgroupv1
cpu_cpuset_cpus: 0-3
cpu_memory_nodes: 0
active_processor_count: 4
cpu_quota: no quota
cpu_period: 100000
cpu_shares: no shares
memory_limit_in_bytes: unlimited
memory_and_swap_limit_in_bytes: unlimited
memory_soft_limit_in_bytes: unlimited
memory_usage_in_bytes: 3531384 k
memory_max_usage_in_bytes: 4453612 k
kernel_memory_usage_in_bytes: 77196 k
kernel_memory_max_usage_in_bytes: unlimited
kernel_memory_limit_in_bytes: 106060 k
maximum number of tasks: unlimited
current number of tasks: 364

KVM virtualization detected
Steal ticks since vm start: 0
Steal ticks percentage since vm start:  0.000

CPU: total 4 (initial active 4) (4 cores per cpu, 1 threads per core) family 6 model 156 stepping 0 microcode 0x1, cx8, cmov, fxsr, mmx, 3dnowpref, sse, sse2, sse3, ssse3, sse4.1, sse4.2, popcnt, tsc, tscinvbit, aes, erms, clmul, sha, clflush, clflushopt, clwb, hv
CPU Model and flags from /proc/cpuinfo:
model name	: Intel(R) Celeron(R) N5100 @ 1.10GHz
flags		: fpu vme de pse tsc msr pae mce cx8 apic sep mtrr pge mca cmov pat pse36 clflush mmx fxsr sse sse2 ss ht syscall nx rdtscp lm constant_tsc arch_perfmon rep_good nopl xtopology nonstop_tsc cpuid tsc_known_freq pni pclmulqdq vmx ssse3 cx16 pdcm sse4_1 sse4_2 x2apic movbe popcnt tsc_deadline_timer aes xsave rdrand hypervisor lahf_lm 3dnowprefetch cpuid_fault ssbd ibrs ibpb stibp ibrs_enhanced tpr_shadow flexpriority ept vpid ept_ad fsgsbase tsc_adjust smep erms rdseed smap clflushopt clwb sha_ni xsaveopt xsavec xgetbv1 xsaves arat vnmi umip waitpkg gfni rdpid movdiri movdir64b md_clear arch_capabilities

Online cpus: 0-3
Offline cpus: 
BIOS frequency limitation: <Not Available>
Frequency switch latency (ns): <Not Available>
Available cpu frequencies: <Not Available>
Current governor: <Not Available>
Core performance/turbo boost: <Not Available>

Memory: 4k page, physical 6713188k(122308k free), swap 0k(0k free)
Page Sizes: 4k

vm_info: OpenJDK 64-Bit Server VM (17.0.13+11) for linux-amd64 JRE (17.0.13+11), built on Oct 15 2024 00:00:00 by "admin" with gcc 10.3.0

END.
